// Vitest Snapshot v1, https://vitest.dev/guide/snapshot.html

exports[`playlists > matches the snapshot 1`] = `
"<div class="centerItems spaceBetween">
  <h1>Playlists</h1>
  <div class="centerItems"><button class="centerItems buttonLink" draggable="false" type="button" id="refresh-data-button" title="Refresh page data">
      <pharrowsclockwise aria-hidden="true" class="icon" size="32" weight="regular"></pharrowsclockwise><span class="clamp text visuallyHidden">Refresh page data</span>
    </button><button class="centerItems buttonLink" draggable="false" type="button" title="Add playlist">
      <phpluscircle aria-hidden="true" class="icon" size="32" weight="regular"></phpluscircle><span class="clamp text visuallyHidden"> Add playlist </span>
    </button></div>
</div>
<div class="column centerAll loadingData" style="display: none;"><span class="mainLoader"><span class="headphones"><svg fill="none" stroke="currentColor" stroke-linecap="round" stroke-linejoin="round" stroke-width="1.25" viewBox="0 0 24 24" width="75" xmlns="http://www.w3.org/2000/svg"><path d="M4 13.5V13c0-4.97 3.582-9 8-9s8 4.03 8 9v.5"></path><path d="M2 17.439v-1.877a2 2 0 0 1 1.515-1.94L4 13.5l1.254-.314a.6.6 0 0 1 .746.582v5.464a.6.6 0 0 1-.746.582l-1.74-.435A2 2 0 0 1 2 17.439ZM22 17.439v-1.877a2 2 0 0 0-1.515-1.94L20 13.5l-1.255-.314a.6.6 0 0 0-.745.582v5.464a.6.6 0 0 0 .745.582l1.74-.435A2 2 0 0 0 22 17.439Z"></path></svg></span><span class="centerItems loader"><span class="bar"></span><span class="bar"></span><span class="bar"></span><span class="bar"></span></span><span class="visuallyHidden">Loading data</span></span></div>
<div class="mainContent">
  <div class="column centerAll noMediaMessage">
    <phplaylist size="50"></phplaylist>
    <p>No playlists found.</p>
  </div>
</div>"
`;
