// Vitest Snapshot v1, https://vitest.dev/guide/snapshot.html

exports[`SelectableBadge > matches the snapshot 1`] = `"<label class="selectableBadge"><input class="visuallyHidden input" name="test" type="radio"><span class="smallFont strong label">label</span></label>"`;

exports[`SelectableBadge > when the selected prop is true > matches the snapshot 1`] = `"<label class="selectableBadge"><input checked="" class="visuallyHidden input" name="test" type="radio"><span class="smallFont strong label">label</span></label>"`;
