// Vitest Snapshot v1, https://vitest.dev/guide/snapshot.html

exports[`HeaderSeeAllLink > matches the snapshot 1`] = `
"<div class="centerItems spaceBetween">
  <h3 class="header"><a draggable="false">Default slot content.<phcaretdoubleright class="moreIcon" size="18" weight="regular"></phcaretdoubleright></a></h3>
  <div class="centerItems"><a class="mobileOnly link" draggable="false"> See all </a></div>
</div>"
`;
