// Vitest Snapshot v1, https://vitest.dev/guide/snapshot.html

exports[`PrimaryNavigation > matches the snapshot 1`] = `
"<ul class="mBM">
  <li class="mBM">
    <h4 class="strong mBM sidebarTitle">Browse</h4>
    <ul>
      <li><a exactactiveclass="sidebarCurrentLink" class="centerItems buttonLink sidebarLink sidebarLink" title="Discover">
          <phcompass class="icon" aria-hidden="true" size="24" weight="regular"></phcompass><span class="clamp text">Discover</span>
        </a></li>
      <li><a exactactiveclass="sidebarCurrentLink" class="centerItems buttonLink sidebarLink sidebarLink" title="Podcasts">
          <phapplepodcastslogo class="icon" aria-hidden="true" size="24" weight="regular"></phapplepodcastslogo><span class="clamp text">Podcasts</span>
        </a></li>
      <li><a exactactiveclass="sidebarCurrentLink" class="centerItems buttonLink sidebarLink sidebarLink" title="Radio Stations">
          <phradio class="icon" aria-hidden="true" size="24" weight="regular"></phradio><span class="clamp text">Radio Stations</span>
        </a></li>
      <li><a exactactiveclass="sidebarCurrentLink" class="centerItems buttonLink sidebarLink sidebarLink" title="Queue">
          <phqueue class="icon" aria-hidden="true" size="24" weight="regular"></phqueue><span class="clamp text">Queue</span>
        </a></li>
    </ul>
  </li>
  <li class="mBM">
    <h4 class="strong mBM sidebarTitle">Your library</h4>
    <ul>
      <li><a exactactiveclass="sidebarCurrentLink" class="centerItems buttonLink sidebarLink sidebarLink" title="Albums">
          <phvinylrecord class="icon" aria-hidden="true" size="24" weight="regular"></phvinylrecord><span class="clamp text">Albums</span>
        </a></li>
      <li><a exactactiveclass="sidebarCurrentLink" class="centerItems buttonLink sidebarLink sidebarLink" title="Artists">
          <phusersthree class="icon" aria-hidden="true" size="24" weight="regular"></phusersthree><span class="clamp text">Artists</span>
        </a></li>
      <li><a exactactiveclass="sidebarCurrentLink" class="centerItems buttonLink sidebarLink sidebarLink" title="Playlists">
          <phplaylist class="icon" aria-hidden="true" size="24" weight="regular"></phplaylist><span class="clamp text">Playlists</span>
        </a></li>
      <li><a exactactiveclass="sidebarCurrentLink" class="centerItems buttonLink sidebarLink sidebarLink" title="Favourites">
          <phheart class="icon" aria-hidden="true" size="24" weight="regular"></phheart><span class="clamp text">Favourites</span>
        </a></li>
      <li><a exactactiveclass="sidebarCurrentLink" class="centerItems buttonLink sidebarLink sidebarLink" title="Genres">
          <phwaveform class="icon" aria-hidden="true" size="24" weight="regular"></phwaveform><span class="clamp text">Genres</span>
        </a></li>
    </ul>
  </li>
</ul>"
`;
