// Vitest Snapshot v1, https://vitest.dev/guide/snapshot.html

exports[`LazyLoadContent > matches the snapshot 1`] = `
"<div class="lazyLoadContent">
  <div class="skeletonLoader preloadImage"><span class="visuallyHidden">Loading data</span></div>
</div>"
`;

exports[`LazyLoadContent > when intersectionObserver is intersecting > matches the snapshot 1`] = `"<div class="lazyLoadContent">Default slot content.</div>"`;
