// Vitest Snapshot v1, https://vitest.dev/guide/snapshot.html

exports[`SpinningLoader > matches the snapshot 1`] = `"<span class="centerItems spinningLoader"><ph-circle-notch-stub size="24" class="icon"></ph-circle-notch-stub><span class="visuallyHidden">Loading...</span></span>"`;

exports[`SpinningLoader > when fullWidth prop is set to true > matches the snapshot 1`] = `"<span class="centerItems spinningLoader"><ph-circle-notch-stub size="32" class="icon"></ph-circle-notch-stub><span class="visuallyHidden">Loading...</span></span>"`;
