// Vitest Snapshot v1, https://vitest.dev/guide/snapshot.html

exports[`ArtistItem > matches the snapshot 1`] = `
"<article class="layoutItem">
  <figure class="layoutImage"><a class="interactionLink" draggable="false" title="Go to artist name">
      <div class="centerAll preloadImage"><span class="skeletonLoader"><span class="visuallyHidden">Loading image</span></span><img alt="Go to artist name" class="image" draggable="false" loading="lazy" src="image"></div>
    </a></figure>
  <div class="layoutContent">
    <p class="strong smallFont clamp2"><a aria-label="Go to artist name" class="layoutLink" draggable="false">name</a></p>
  </div>
</article>"
`;
