// Vitest Snapshot v1, https://vitest.dev/guide/snapshot.html

exports[`ArtistItem > matches the snapshot 1`] = `
"<article>
  <figure class="mBS"><a draggable="false" title="Go to artist name">
      <div class="centerAll preloadImage"><span class="skeletonLoader"><span class="visuallyHidden">Loading image</span></span><img alt="Go to artist name" class="image" draggable="false" src="image" style="display: none;"></div>
    </a></figure>
  <p class="mBXS strong smallFont clamp2"><a aria-label="Go to artist name" class="link" draggable="false">name</a></p>
</article>"
`;
