// Vitest Snapshot v1, https://vitest.dev/guide/snapshot.html

exports[`DownloadPodcastEpisode > matches the snapshot 1`] = `
"<div class="overlapWrapper downloadPodcastEpisode">
  <div class="centerAll preloadImage overlap"><span class="skeletonLoader"><span class="visuallyHidden">Loading image</span></span><img alt="Image" class="image" draggable="false" loading="lazy" src="image"></div><button class="centerItems buttonLink overlap buttonLink overlap buttonLink" draggable="false" type="button" title="Download episode">
    <phdownload aria-hidden="true" class="icon" size="24" weight="regular"></phdownload><span class="clamp text visuallyHidden"> Download episode </span>
  </button>
</div>"
`;
