// Vitest Snapshot v1, https://vitest.dev/guide/snapshot.html

exports[`ImageLink > matches the snapshot 1`] = `
"<figure><a draggable="false" title="title">
    <div class="centerAll preloadImage"><span class="skeletonLoader"><span class="visuallyHidden">Loading image</span></span><img alt="title" class="image" draggable="false" loading="lazy" src="image" style="display: none;"></div>
  </a></figure>"
`;
