// Vitest Snapshot v1, https://vitest.dev/guide/snapshot.html

exports[`RadioStationList > matches the snapshot 1`] = `
"<div class="noMediaMessage">
  <div class="column centerItems content">
    <phradio size="50"></phradio>
    <p>No radio stations found.</p>
  </div>
</div>"
`;

exports[`RadioStationList > when radioStations prop is not an empty array > matches the snapshot 1`] = `
"<div class="trackTable">
  <div class="trackHeader">
    <div class="trackCell">Stations</div>
    <div class="trackCell"></div>
  </div>
  <div class="trackRow" data-test-id="radio-station">
    <div class="trackCell">
      <div>
        <div class="overlapWrapper trackPlayPause withImage">
          <div class="centerAll preloadImage overlap"><span class="imageLoader"><span class="visuallyHidden">Loading image</span></span><img class="image" src="image" alt="Image" style="display: none;"></div>
          <div class="overlap playPauseWrapper"><button class="centerItems buttonLink itemLink centerAll themeHoverButton buttonLink itemLink centerAll themeHoverButton buttonLink" type="button">
              <phplay class="icon" aria-hidden="true" size="24" weight="duotone"></phplay><span class="clamp text visuallyHidden"> Play track </span>
            </button></div>
        </div><a data-test-id="link" href="homepageUrl" class="link clamp" target="_blank">radio-station-0</a>
      </div>
    </div>
    <div class="trackCell">
      <div class="centerItems dropdownMenu"><button class="centerItems buttonLink alignRight buttonLink buttonLink" type="button" title="More">
          <phdotsthreevertical class="icon" aria-hidden="true" size="24" weight="duotone"></phdotsthreevertical><span class="clamp text visuallyHidden">More</span>
        </button>
        <div class="dropdown fade-enter-from fade-enter-active">
          <ul>
            <li class="dropdownItem" href="homepageUrl" target="_blank"><a class="centerItems buttonLink centerAll fullWidth spaceBetween buttonLink spaceBetween buttonLink" href="homepageUrl" target="_blank">
                <!--v-if--><span class="clamp text"> Visit station </span>
              </a></li>
            <li class="dropdownItem"><button class="centerItems buttonLink centerAll fullWidth spaceBetween buttonLink spaceBetween buttonLink" type="button">
                <!--v-if--><span class="clamp text"> Edit station </span>
              </button></li>
            <li class="dropdownItem"><button class="centerItems buttonLink centerAll fullWidth spaceBetween buttonLink spaceBetween buttonLink" type="button">
                <!--v-if--><span class="clamp text"> Delete station </span>
              </button></li>
            <li class="divider" aria-hidden="true"></li>
            <li class="dropdownItem"><button class="centerItems buttonLink centerAll fullWidth spaceBetween buttonLink spaceBetween buttonLink" type="button">
                <!--v-if--><span class="clamp text"> Add to queue </span>
              </button></li>
            <li class="dropdownItem"><button class="centerItems buttonLink centerAll fullWidth spaceBetween buttonLink spaceBetween buttonLink" type="button">
                <!--v-if--><span class="clamp text"> Play station </span>
              </button></li>
          </ul>
        </div>
      </div>
    </div>
  </div>
  <div class="trackRow" data-test-id="radio-station">
    <div class="trackCell">
      <div>
        <div class="overlapWrapper trackPlayPause withImage">
          <div class="centerAll preloadImage overlap"><span class="imageLoader"><span class="visuallyHidden">Loading image</span></span><img class="image" src="image" alt="Image" style="display: none;"></div>
          <div class="overlap playPauseWrapper"><button class="centerItems buttonLink itemLink centerAll themeHoverButton buttonLink itemLink centerAll themeHoverButton buttonLink" type="button">
              <phplay class="icon" aria-hidden="true" size="24" weight="duotone"></phplay><span class="clamp text visuallyHidden"> Play track </span>
            </button></div>
        </div><a data-test-id="link" href="homepageUrl" class="link clamp" target="_blank">radio-station-1</a>
      </div>
    </div>
    <div class="trackCell">
      <div class="centerItems dropdownMenu"><button class="centerItems buttonLink alignRight buttonLink buttonLink" type="button" title="More">
          <phdotsthreevertical class="icon" aria-hidden="true" size="24" weight="duotone"></phdotsthreevertical><span class="clamp text visuallyHidden">More</span>
        </button>
        <!--v-if-->
      </div>
    </div>
  </div>
  <div class="trackRow" data-test-id="radio-station">
    <div class="trackCell">
      <div>
        <div class="overlapWrapper trackPlayPause withImage">
          <div class="centerAll preloadImage overlap"><span class="imageLoader"><span class="visuallyHidden">Loading image</span></span><img class="image" src="image" alt="Image" style="display: none;"></div>
          <div class="overlap playPauseWrapper"><button class="centerItems buttonLink itemLink centerAll themeHoverButton buttonLink itemLink centerAll themeHoverButton buttonLink" type="button">
              <phplay class="icon" aria-hidden="true" size="24" weight="duotone"></phplay><span class="clamp text visuallyHidden"> Play track </span>
            </button></div>
        </div><a data-test-id="link" href="homepageUrl" class="link clamp" target="_blank">radio-station-2</a>
      </div>
    </div>
    <div class="trackCell">
      <div class="centerItems dropdownMenu"><button class="centerItems buttonLink alignRight buttonLink buttonLink" type="button" title="More">
          <phdotsthreevertical class="icon" aria-hidden="true" size="24" weight="duotone"></phdotsthreevertical><span class="clamp text visuallyHidden">More</span>
        </button>
        <!--v-if-->
      </div>
    </div>
  </div>
  <div class="trackRow" data-test-id="radio-station">
    <div class="trackCell">
      <div>
        <div class="overlapWrapper trackPlayPause withImage">
          <div class="centerAll preloadImage overlap"><span class="imageLoader"><span class="visuallyHidden">Loading image</span></span><img class="image" src="image" alt="Image" style="display: none;"></div>
          <div class="overlap playPauseWrapper"><button class="centerItems buttonLink itemLink centerAll themeHoverButton buttonLink itemLink centerAll themeHoverButton buttonLink" type="button">
              <phplay class="icon" aria-hidden="true" size="24" weight="duotone"></phplay><span class="clamp text visuallyHidden"> Play track </span>
            </button></div>
        </div><a data-test-id="link" href="homepageUrl" class="link clamp" target="_blank">radio-station-3</a>
      </div>
    </div>
    <div class="trackCell">
      <div class="centerItems dropdownMenu"><button class="centerItems buttonLink alignRight buttonLink buttonLink" type="button" title="More">
          <phdotsthreevertical class="icon" aria-hidden="true" size="24" weight="duotone"></phdotsthreevertical><span class="clamp text visuallyHidden">More</span>
        </button>
        <!--v-if-->
      </div>
    </div>
  </div>
  <div class="trackRow" data-test-id="radio-station">
    <div class="trackCell">
      <div>
        <div class="overlapWrapper trackPlayPause withImage">
          <div class="centerAll preloadImage overlap"><span class="imageLoader"><span class="visuallyHidden">Loading image</span></span><img class="image" src="image" alt="Image" style="display: none;"></div>
          <div class="overlap playPauseWrapper"><button class="centerItems buttonLink itemLink centerAll themeHoverButton buttonLink itemLink centerAll themeHoverButton buttonLink" type="button">
              <phplay class="icon" aria-hidden="true" size="24" weight="duotone"></phplay><span class="clamp text visuallyHidden"> Play track </span>
            </button></div>
        </div><a data-test-id="link" href="homepageUrl" class="link clamp" target="_blank">radio-station-4</a>
      </div>
    </div>
    <div class="trackCell">
      <div class="centerItems dropdownMenu"><button class="centerItems buttonLink alignRight buttonLink buttonLink" type="button" title="More">
          <phdotsthreevertical class="icon" aria-hidden="true" size="24" weight="duotone"></phdotsthreevertical><span class="clamp text visuallyHidden">More</span>
        </button>
        <!--v-if-->
      </div>
    </div>
  </div>
</div>"
`;
